// Jest Snapshot v1, https://goo.gl/fbAQLP

exports[`changes the class when hovered 1`] = `
<div
  className="App"
>
  <h3>
    Welcome To Seeder
  </h3>
</div>
`;
